
Session altered.


Session altered.


Table created.


Table created.


Table created.


Index created.


Index created.


Session altered.


Table created.


Table created.


Table created.

SP2-0734: unknown command beginning "REATE INDE..." - rest of line ignored.
Help: https://docs.oracle.com/error-help/db/sp2-0734/

Index created.


Session altered.


Table created.


Table created.


Table created.


Index created.


Index created.


Index created.


Session altered.


Table created.


Table created.


Table created.


Index created.


Session altered.


Table created.


Table created.


Index created.


Index created.


Index created.

== Verificacion: tablas por esquema ==

OWNER
--------------------------------------------------------------------------------
    TABLAS
----------
ADMIN_ACADEMIA
	 3

ADMIN_CLINICA
	 3

ADMIN_FINTECH
	 2


OWNER
--------------------------------------------------------------------------------
    TABLAS
----------
ADMIN_LOGISTICA
	 3

ADMIN_RETAIL
	 3


